apps/media/films/data/raymarch_0.cpm
apps/media/films/data/raymarch_1.cpm
apps/media/films/data/raymarch_2.cpm
apps/media/films/data/raymarch_3.cpm
apps/media/films/data/raymarch_4.cpm
apps/media/films/data/raymarch_5.cpm
apps/media/films/data/raymarch_6.cpm
apps/media/films/data/raymarch_7.cpm
apps/media/films/data/raymarch_8.cpm
apps/media/films/data/raymarch_9.cpm
apps/media/films/data/raymarch_10.cpm
apps/media/films/data/raymarch_11.cpm
apps/media/films/data/raymarch_12.cpm
apps/media/films/data/raymarch_13.cpm
apps/media/films/data/raymarch_14.cpm
apps/media/films/data/raymarch_15.cpm
apps/media/films/data/raymarch_16.cpm
apps/media/films/data/raymarch_17.cpm
apps/media/films/data/raymarch_18.cpm
apps/media/films/data/raymarch_19.cpm
apps/media/films/data/raymarch_20.cpm
apps/media/films/data/raymarch_21.cpm
apps/media/films/data/raymarch_22.cpm
apps/media/films/data/raymarch_23.cpm
apps/media/films/data/raymarch_24.cpm
apps/media/films/data/raymarch_25.cpm
apps/media/films/data/raymarch_26.cpm
apps/media/films/data/raymarch_27.cpm
apps/media/films/data/raymarch_28.cpm
apps/media/films/data/raymarch_29.cpm
apps/media/films/data/raymarch_30.cpm
apps/media/films/data/raymarch_31.cpm
apps/media/films/data/raymarch_32.cpm
apps/media/films/data/raymarch_33.cpm
apps/media/films/data/raymarch_34.cpm
apps/media/films/data/raymarch_35.cpm
apps/media/films/data/raymarch_36.cpm
apps/media/films/data/raymarch_37.cpm
apps/media/films/data/raymarch_38.cpm
apps/media/films/data/raymarch_39.cpm
apps/media/films/data/raymarch_0.cpm
